2024-09-25 14:47:26,725 14428 INFO ? odoo: Odoo version 15.0 
2024-09-25 14:47:26,725 14428 INFO ? odoo: Using configuration file at D:\WORKSPACE\fit_dnu_cssv\odoo.conf 
2024-09-25 14:47:26,725 14428 INFO ? odoo: addons paths: ['D:\\WORKSPACE\\fit_dnu_cssv\\odoo\\addons', 'c:\\users\\dell\\appdata\\local\\openerp s.a\\odoo\\addons\\15.0', 'd:\\workspace\\fit_dnu_cssv\\addons', 'd:\\workspace\\fit_dnu_cssv\\odoo\\addons'] 
2024-09-25 14:47:26,725 14428 INFO ? odoo: database: odoo@localhost:5432 
2024-09-25 14:47:27,038 14428 INFO ? odoo.addons.base.models.ir_actions_report: You need Wkhtmltopdf to print a pdf version of the reports. 
2024-09-25 14:47:27,658 14428 INFO ? odoo.service.server: HTTP service (werkzeug) running on DESKTOP-DKKUGET.www.tendawifi.com:8069 
2024-09-25 14:47:27,849 14428 INFO odoo odoo.modules.loading: loading 1 modules... 
2024-09-25 14:47:27,857 14428 INFO odoo odoo.modules.loading: 1 modules loaded in 0.01s, 0 queries (+0 extra) 
2024-09-25 14:47:27,865 14428 INFO odoo odoo.modules.loading: loading 7 modules... 
2024-09-25 14:47:27,936 14428 INFO odoo odoo.modules.loading: 7 modules loaded in 0.07s, 0 queries (+0 extra) 
2024-09-25 14:47:27,967 14428 INFO odoo odoo.modules.loading: Modules loaded. 
2024-09-25 14:47:27,967 14428 INFO odoo odoo.modules.registry: Registry loaded in 0.314s 
2024-09-25 14:47:35,142 14428 INFO ? odoo.http: HTTP Configuring static files 
2024-09-25 14:47:35,152 14428 INFO odoo odoo.addons.base.models.ir_http: Generating routing map for key None 
2024-09-25 14:47:35,229 14428 INFO odoo werkzeug: 127.0.0.1 - - [25/Sep/2024 14:47:35] "[32mGET / HTTP/1.1[0m" 303 - 2 0.006 0.073
2024-09-25 14:47:35,478 14428 WARNING odoo odoo.addons.base.models.assetsbundle: Could not execute command 'sassc'This error occurred while compiling the bundle 'web.assets_common' containing:
    - /web/static/lib/bootstrap/scss/_functions.scss
    - /web/static/lib/bootstrap/scss/_mixins.scss
    - /web/static/src/legacy/scss/bs_mixins_overrides.scss
    - /web/static/src/legacy/scss/utils.scss
    - /web/static/src/legacy/scss/primary_variables.scss
    - /web_editor/static/src/scss/web_editor.variables.scss
    - /web/static/src/legacy/scss/secondary_variables.scss
    - /web_editor/static/src/scss/secondary_variables.scss
    - /web/static/lib/bootstrap/scss/_variables.scss
    - /web/static/src/legacy/scss/tempusdominus_overridden.scss
    - /web/static/lib/tempusdominus/tempusdominus.scss
    - /web/static/fonts/fonts.scss
    - /web/static/src/legacy/scss/ui.scss
    - /web/static/src/legacy/scss/ui_extra.scss
    - /web/static/src/legacy/scss/navbar.scss
    - /web/static/src/legacy/scss/mimetypes.scss
    - /web/static/src/legacy/scss/modal.scss
    - /web/static/src/legacy/scss/animation.scss
    - /web/static/src/legacy/scss/datepicker.scss
    - /web/static/src/legacy/scss/daterangepicker.scss
    - /web/static/src/legacy/scss/banner.scss
    - /web/static/src/legacy/scss/colorpicker.scss
    - /web/static/src/legacy/scss/popover.scss
    - /web/static/src/legacy/scss/translation_dialog.scss
    - /web/static/src/legacy/scss/keyboard.scss
    - /web/static/src/legacy/scss/name_and_signature.scss
    - /web/static/src/legacy/scss/web.zoomodoo.scss
    - /web/static/src/legacy/scss/color_picker.scss
    - /web/static/src/legacy/scss/fontawesome_overridden.scss
    - /web_tour/static/src/scss/tip.scss 
2024-09-25 14:47:35,649 14428 WARNING odoo odoo.addons.base.models.assetsbundle: Could not execute command 'sassc'This error occurred while compiling the bundle 'web.assets_backend' containing:
    - /web/static/lib/bootstrap/scss/_functions.scss
    - /web/static/lib/bootstrap/scss/_mixins.scss
    - /web/static/src/legacy/scss/bs_mixins_overrides.scss
    - /web/static/src/legacy/scss/utils.scss
    - /web/static/src/legacy/scss/primary_variables.scss
    - /web_editor/static/src/scss/web_editor.variables.scss
    - /web/static/src/legacy/scss/secondary_variables.scss
    - /web_editor/static/src/scss/secondary_variables.scss
    - /web/static/src/legacy/scss/bootstrap_overridden.scss
    - /web/static/src/legacy/scss/bs_mixins_overrides_backend.scss
    - /web_editor/static/src/scss/bootstrap_overridden_backend.scss
    - /web_editor/static/src/scss/bootstrap_overridden.scss
    - /web/static/lib/bootstrap/scss/_variables.scss
    - /web/static/src/legacy/scss/import_bootstrap.scss
    - /web/static/src/legacy/scss/bootstrap_review.scss
    - /web/static/src/core/utils/transitions.scss
    - /web/static/src/core/checkbox/checkbox.scss
    - /web/static/src/core/commands/command_palette.scss
    - /web/static/src/core/debug/debug_menu.scss
    - /web/static/src/core/debug/profiling/profiling_item.scss
    - /web/static/src/core/dialog/dialog.scss
    - /web/static/src/core/dropdown/dropdown.scss
    - /web/static/src/core/effects/rainbow_man.scss
    - /web/static/src/core/hotkeys/hotkey.scss
    - /web/static/src/core/notifications/notification.scss
    - /web/static/src/core/popover/popover.scss
    - /web/static/src/core/position/position.scss
    - /web/static/src/core/tooltip/tooltip.scss
    - /web/static/src/core/ui/block_ui.scss
    - /web/static/src/search/control_panel/control_panel.scss
    - /web/static/src/search/search_panel/search_panel.scss
    - /web/static/src/search/search_panel/search_view.scss
    - /web/static/src/search/search_panel/search_view_extra.scss
    - /web/static/src/views/graph/graph_view.scss
    - /web/static/src/views/pivot/pivot_view.scss
    - /web/static/src/webclient/actions/action_dialog.scss
    - /web/static/src/webclient/loading_indicator/loading_indicator.scss
    - /web/static/src/webclient/navbar/navbar.scss
    - /web/static/src/webclient/user_menu/user_menu.scss
    - /web/static/src/webclient/user_menu/user_menu_items.scss
    - /web/static/src/webclient/webclient.scss
    - /web/static/src/webclient/webclient_extra.scss
    - /web/static/src/webclient/webclient_layout.scss
    - /web/static/src/legacy/scss/domain_selector.scss
    - /web/static/src/legacy/scss/model_field_selector.scss
    - /web/static/src/legacy/scss/progress_bar.scss
    - /web/static/src/legacy/scss/dropdown.scss
    - /web/static/src/legacy/scss/tooltip.scss
    - /web/static/src/legacy/scss/switch_company_menu.scss
    - /web/static/src/legacy/scss/ace.scss
    - /web/static/src/legacy/scss/fields.scss
    - /web/static/src/legacy/scss/file_upload.scss
    - /web/static/src/legacy/scss/views.scss
    - /web/static/src/legacy/scss/form_view.scss
    - /web/static/src/legacy/scss/list_view.scss
    - /web/static/src/legacy/scss/kanban_dashboard.scss
    - /web/static/src/legacy/scss/kanban_examples_dialog.scss
    - /web/static/src/legacy/scss/kanban_column_progressbar.scss
    - /web/static/src/legacy/scss/kanban_view.scss
    - /web/static/src/legacy/scss/web_calendar.scss
    - /web/static/src/legacy/scss/data_export.scss
    - /base/static/src/scss/onboarding.scss
    - /web/static/src/legacy/scss/attachment_preview.scss
    - /web/static/src/legacy/scss/base_document_layout.scss
    - /web/static/src/legacy/scss/special_fields.scss
    - /web/static/src/legacy/scss/ribbon.scss
    - /web/static/src/legacy/scss/base_settings.scss
    - /web/static/src/legacy/scss/report_backend.scss
    - /web/static/src/legacy/scss/dropdown_extra.scss
    - /web/static/src/legacy/scss/fields_extra.scss
    - /web/static/src/legacy/scss/form_view_extra.scss
    - /web/static/src/legacy/scss/list_view_extra.scss
    - /web/static/src/legacy/scss/profiling_qweb_view.scss
    - /auth_totp/static/src/scss/res_users_view_form.scss
    - /base_import/static/src/legacy/scss/base_import.scss
    - /base_import/static/src/legacy/scss/icons.scss
    - /web_editor/static/src/scss/web_editor.common.scss
    - /web_editor/static/src/scss/web_editor.backend.scss 
2024-09-25 14:47:35,826 14428 INFO odoo werkzeug: 127.0.0.1 - - [25/Sep/2024 14:47:35] "GET /web HTTP/1.1" 200 - 163 0.127 0.466
2024-09-25 14:47:36,117 14428 INFO odoo werkzeug: 127.0.0.1 - - [25/Sep/2024 14:47:36] "[36mGET /web/image?model=res.users&field=avatar_128&id=2 HTTP/1.1[0m" 304 - 17 0.017 0.011
2024-09-25 14:47:36,454 14428 INFO odoo werkzeug: 127.0.0.1 - - [25/Sep/2024 14:47:36] "POST /web/action/load HTTP/1.1" 200 - 28 0.033 0.018
2024-09-25 14:47:36,834 14428 INFO odoo werkzeug: 127.0.0.1 - - [25/Sep/2024 14:47:36] "POST /web/dataset/call_kw/ir.module.module/load_views HTTP/1.1" 200 - 58 0.046 0.025
2024-09-25 14:47:37,064 14428 INFO odoo werkzeug: 127.0.0.1 - - [25/Sep/2024 14:47:37] "POST /web/dataset/call_kw/ir.module.module/search_panel_select_range HTTP/1.1" 200 - 45 0.033 0.006
2024-09-25 14:47:37,154 14428 INFO odoo werkzeug: 127.0.0.1 - - [25/Sep/2024 14:47:37] "POST /web/dataset/search_read HTTP/1.1" 200 - 3 0.004 0.003
2024-09-25 14:50:50,153 14428 INFO odoo werkzeug: 127.0.0.1 - - [25/Sep/2024 14:50:50] "[32mGET /web/session/logout HTTP/1.1[0m" 303 - 1 0.000 0.006
2024-09-25 14:50:50,246 14428 INFO odoo werkzeug: 127.0.0.1 - - [25/Sep/2024 14:50:50] "[32mGET /web HTTP/1.1[0m" 303 - 1 0.001 0.014
2024-09-25 14:50:50,772 14428 WARNING odoo odoo.addons.base.models.assetsbundle: Could not execute command 'sassc'This error occurred while compiling the bundle 'web.assets_frontend' containing:
    - /web/static/lib/bootstrap/scss/_functions.scss
    - /web/static/lib/bootstrap/scss/_mixins.scss
    - /web/static/src/legacy/scss/bs_mixins_overrides.scss
    - /web/static/src/legacy/scss/utils.scss
    - /web/static/src/legacy/scss/primary_variables.scss
    - /web_editor/static/src/scss/web_editor.variables.scss
    - /web/static/src/legacy/scss/secondary_variables.scss
    - /web_editor/static/src/scss/secondary_variables.scss
    - /web_editor/static/src/scss/bootstrap_overridden.scss
    - /web/static/src/legacy/scss/bootstrap_overridden_frontend.scss
    - /web/static/lib/bootstrap/scss/_variables.scss
    - /web/static/src/legacy/scss/import_bootstrap.scss
    - /web/static/src/legacy/scss/bootstrap_review.scss
    - /web/static/src/core/utils/transitions.scss
    - /web/static/src/core/checkbox/checkbox.scss
    - /web/static/src/core/debug/debug_menu.scss
    - /web/static/src/core/debug/profiling/profiling_item.scss
    - /web/static/src/core/dialog/dialog.scss
    - /web/static/src/core/dropdown/dropdown.scss
    - /web/static/src/core/effects/rainbow_man.scss
    - /web/static/src/core/hotkeys/hotkey.scss
    - /web/static/src/core/notifications/notification.scss
    - /web/static/src/core/popover/popover.scss
    - /web/static/src/core/position/position.scss
    - /web/static/src/core/tooltip/tooltip.scss
    - /web/static/src/core/ui/block_ui.scss
    - /web/static/src/legacy/scss/base_frontend.scss
    - /web/static/src/legacy/scss/lazyloader.scss
    - /web/static/src/legacy/scss/navbar_mobile.scss
    - /web_editor/static/src/scss/web_editor.common.scss
    - /web_editor/static/src/scss/web_editor.frontend.scss 
2024-09-25 14:50:50,999 14428 INFO odoo werkzeug: 127.0.0.1 - - [25/Sep/2024 14:50:50] "GET /web/login HTTP/1.1" 200 - 62 0.021 0.576
2024-09-25 14:50:51,130 14428 INFO odoo werkzeug: 127.0.0.1 - - [25/Sep/2024 14:50:51] "GET /web/webclient/translations/1727275851126 HTTP/1.1" 200 - 8 0.000 0.000
2024-09-25 14:50:51,484 14428 INFO odoo werkzeug: 127.0.0.1 - - [25/Sep/2024 14:50:51] "GET /web/webclient/qweb/1727275851149?bundle=web.assets_frontend HTTP/1.1" 200 - 10 0.005 0.027
2024-09-25 14:50:51,718 14428 INFO odoo werkzeug: 127.0.0.1 - - [25/Sep/2024 14:50:51] "GET /web/webclient/translations/1727275851490 HTTP/1.1" 200 - 4 0.003 0.002
2024-09-25 14:50:56,325 14428 INFO odoo werkzeug: 127.0.0.1 - - [25/Sep/2024 14:50:56] "[32mGET / HTTP/1.1[0m" 303 - 1 0.000 0.003
2024-09-25 14:50:56,649 14428 INFO odoo werkzeug: 127.0.0.1 - - [25/Sep/2024 14:50:56] "[32mGET /web HTTP/1.1[0m" 303 - 1 0.000 0.007
2024-09-25 14:50:56,962 14428 INFO odoo werkzeug: 127.0.0.1 - - [25/Sep/2024 14:50:56] "GET /web/login HTTP/1.1" 200 - 4 0.000 0.000
2024-09-25 14:50:57,232 14428 INFO odoo werkzeug: 127.0.0.1 - - [25/Sep/2024 14:50:57] "GET /web/webclient/translations/1727275857063 HTTP/1.1" 200 - 4 0.001 0.004
2024-09-25 14:50:57,391 14428 INFO odoo werkzeug: 127.0.0.1 - - [25/Sep/2024 14:50:57] "GET /web/webclient/qweb/1727275857234?bundle=web.assets_frontend HTTP/1.1" 200 - 10 0.000 0.016
2024-09-25 14:50:57,555 14428 INFO odoo werkzeug: 127.0.0.1 - - [25/Sep/2024 14:50:57] "GET /web/webclient/translations/1727275857410 HTTP/1.1" 200 - 4 0.001 0.006
2024-09-25 14:51:10,467 14428 INFO odoo odoo.addons.base.models.res_users: Login successful for db:odoo login:admin from 127.0.0.1 
2024-09-25 14:51:10,482 14428 INFO odoo werkzeug: 127.0.0.1 - - [25/Sep/2024 14:51:10] "[32mPOST /web/login HTTP/1.1[0m" 303 - 30 0.058 0.919
2024-09-25 14:51:10,547 14428 INFO odoo werkzeug: 127.0.0.1 - - [25/Sep/2024 14:51:10] "GET /web HTTP/1.1" 200 - 12 0.015 0.049
2024-09-25 14:51:11,323 14428 INFO odoo werkzeug: 127.0.0.1 - - [25/Sep/2024 14:51:11] "[36mGET /web/image?model=res.users&field=avatar_128&id=2 HTTP/1.1[0m" 304 - 6 0.008 0.024
2024-09-25 14:51:11,367 14428 INFO odoo werkzeug: 127.0.0.1 - - [25/Sep/2024 14:51:11] "POST /web/action/load HTTP/1.1" 200 - 14 0.056 0.021
2024-09-25 14:51:11,581 14428 INFO odoo werkzeug: 127.0.0.1 - - [25/Sep/2024 14:51:11] "POST /web/dataset/call_kw/ir.module.module/load_views HTTP/1.1" 200 - 23 0.031 0.002
2024-09-25 14:51:11,735 14428 INFO odoo werkzeug: 127.0.0.1 - - [25/Sep/2024 14:51:11] "POST /web/dataset/call_kw/ir.module.module/search_panel_select_range HTTP/1.1" 200 - 40 0.034 0.023
2024-09-25 14:51:11,931 14428 INFO odoo werkzeug: 127.0.0.1 - - [25/Sep/2024 14:51:11] "POST /web/dataset/search_read HTTP/1.1" 200 - 3 0.000 0.017
2024-09-25 14:51:25,292 14428 INFO odoo werkzeug: 127.0.0.1 - - [25/Sep/2024 14:51:25] "POST /web/dataset/call_kw/ir.module.module/search_panel_select_range HTTP/1.1" 200 - 40 0.040 0.006
2024-09-25 14:51:25,602 14428 INFO odoo werkzeug: 127.0.0.1 - - [25/Sep/2024 14:51:25] "POST /web/dataset/search_read HTTP/1.1" 200 - 3 0.000 0.000
2024-09-25 14:51:34,152 14428 INFO odoo odoo.addons.base.models.ir_module: ALLOW access to module.button_immediate_install on ['FIT-DNU-CSSV'] to user admin #2 via 127.0.0.1 
2024-09-25 14:51:34,152 14428 INFO odoo odoo.addons.base.models.ir_module: User #2 triggered module installation 
2024-09-25 14:51:34,152 14428 INFO odoo odoo.addons.base.models.ir_module: ALLOW access to module.button_install on ['FIT-DNU-CSSV'] to user admin #2 via 127.0.0.1 
2024-09-25 14:51:34,170 14428 WARNING odoo odoo.modules.module: Missing `license` key in manifest for 'fit_dnu_crm', defaulting to LGPL-3 
2024-09-25 14:51:34,218 14428 INFO odoo odoo.modules.loading: loading 1 modules... 
2024-09-25 14:51:34,218 14428 INFO odoo odoo.modules.loading: 1 modules loaded in 0.00s, 0 queries (+0 extra) 
2024-09-25 14:51:34,252 14428 INFO odoo odoo.modules.loading: updating modules list 
2024-09-25 14:51:34,252 14428 INFO odoo odoo.addons.base.models.ir_module: ALLOW access to module.update_list on [] to user __system__ #1 via 127.0.0.1 
2024-09-25 14:51:34,715 14428 WARNING odoo odoo.modules.module: Missing `license` key in manifest for 'fit_dnu_action_monitor', defaulting to LGPL-3 
2024-09-25 14:51:35,147 14428 WARNING odoo odoo.modules.module: Missing `license` key in manifest for 'fit_dnu_crm', defaulting to LGPL-3 
2024-09-25 14:51:35,474 14428 INFO odoo odoo.modules.loading: loading 7 modules... 
2024-09-25 14:51:35,480 14428 INFO odoo odoo.modules.loading: 7 modules loaded in 0.01s, 0 queries (+0 extra) 
2024-09-25 14:51:35,481 14428 WARNING odoo odoo.modules.module: Missing `license` key in manifest for 'fit_dnu_crm', defaulting to LGPL-3 
2024-09-25 14:51:35,482 14428 INFO odoo odoo.modules.loading: loading 9 modules... 
2024-09-25 14:51:35,482 14428 INFO odoo odoo.modules.loading: Loading module board (5/9) 
2024-09-25 14:51:35,538 14428 INFO odoo odoo.modules.registry: module board: creating or updating database tables 
2024-09-25 14:51:35,588 14428 INFO odoo odoo.modules.loading: loading board/security/ir.model.access.csv 
2024-09-25 14:51:35,609 14428 INFO odoo odoo.modules.loading: loading board/views/board_views.xml 
2024-09-25 14:51:35,677 14428 INFO odoo odoo.modules.loading: Module board: loading demo 
2024-09-25 14:51:35,696 14428 INFO odoo odoo.modules.loading: Module board loaded in 0.21s, 75 queries 
2024-09-25 14:51:35,696 14428 INFO odoo odoo.modules.loading: Loading module fit_dnu_crm (9/9) 
2024-09-25 14:51:38,196 14428 INFO ? werkzeug: 127.0.0.1 - - [25/Sep/2024 14:51:38] "GET /web/static/img/spin.png HTTP/1.1" 200 - - - -
2024-09-25 14:51:38,788 14428 CRITICAL odoo odoo.modules.module: Couldn't load module fit_dnu_crm 
2024-09-25 14:51:38,788 14428 CRITICAL odoo odoo.modules.module: No module named 'bs4' 
2024-09-25 14:51:38,790 14428 WARNING odoo odoo.modules.loading: Transient module states were reset 
2024-09-25 14:51:38,790 14428 ERROR odoo odoo.modules.registry: Failed to load registry 
Traceback (most recent call last):
  File "D:\WORKSPACE\fit_dnu_cssv\odoo\modules\registry.py", line 87, in new
    odoo.modules.load_modules(registry, force_demo, status, update_module)
  File "D:\WORKSPACE\fit_dnu_cssv\odoo\modules\loading.py", line 474, in load_modules
    processed_modules += load_marked_modules(cr, graph,
                         ^^^^^^^^^^^^^^^^^^^^^^^^^^^^^^
  File "D:\WORKSPACE\fit_dnu_cssv\odoo\modules\loading.py", line 363, in load_marked_modules
    loaded, processed = load_module_graph(
                        ^^^^^^^^^^^^^^^^^^
  File "D:\WORKSPACE\fit_dnu_cssv\odoo\modules\loading.py", line 179, in load_module_graph
    load_openerp_module(package.name)
  File "D:\WORKSPACE\fit_dnu_cssv\odoo\modules\module.py", line 407, in load_openerp_module
    __import__('odoo.addons.' + module_name)
  File "d:\workspace\fit_dnu_cssv\addons\fit_dnu_crm\__init__.py", line 4, in <module>
    from . import models
  File "d:\workspace\fit_dnu_cssv\addons\fit_dnu_crm\models\__init__.py", line 13, in <module>
    from . import student_subject_absent_crawl
  File "d:\workspace\fit_dnu_cssv\addons\fit_dnu_crm\models\student_subject_absent_crawl.py", line 2, in <module>
    from bs4 import BeautifulSoup
ModuleNotFoundError: No module named 'bs4'
2024-09-25 14:51:38,842 14428 ERROR odoo odoo.http: Exception during JSON request handling. 
Traceback (most recent call last):
  File "D:\WORKSPACE\fit_dnu_cssv\odoo\addons\base\models\ir_http.py", line 242, in _dispatch
    result = request.dispatch()
             ^^^^^^^^^^^^^^^^^^
  File "D:\WORKSPACE\fit_dnu_cssv\odoo\http.py", line 702, in dispatch
    result = self._call_function(**self.params)
             ^^^^^^^^^^^^^^^^^^^^^^^^^^^^^^^^^^
  File "D:\WORKSPACE\fit_dnu_cssv\odoo\http.py", line 368, in _call_function
    return checked_call(self.db, *args, **kwargs)
           ^^^^^^^^^^^^^^^^^^^^^^^^^^^^^^^^^^^^^^
  File "D:\WORKSPACE\fit_dnu_cssv\odoo\service\model.py", line 94, in wrapper
    return f(dbname, *args, **kwargs)
           ^^^^^^^^^^^^^^^^^^^^^^^^^^
  File "D:\WORKSPACE\fit_dnu_cssv\odoo\http.py", line 357, in checked_call
    result = self.endpoint(*a, **kw)
             ^^^^^^^^^^^^^^^^^^^^^^^
  File "D:\WORKSPACE\fit_dnu_cssv\odoo\http.py", line 925, in __call__
    return self.method(*args, **kw)
           ^^^^^^^^^^^^^^^^^^^^^^^^
  File "D:\WORKSPACE\fit_dnu_cssv\odoo\http.py", line 546, in response_wrap
    response = f(*args, **kw)
               ^^^^^^^^^^^^^^
  File "d:\workspace\fit_dnu_cssv\addons\web\controllers\main.py", line 1328, in call_button
    action = self._call_kw(model, method, args, kwargs)
             ^^^^^^^^^^^^^^^^^^^^^^^^^^^^^^^^^^^^^^^^^^
  File "d:\workspace\fit_dnu_cssv\addons\web\controllers\main.py", line 1316, in _call_kw
    return call_kw(request.env[model], method, args, kwargs)
           ^^^^^^^^^^^^^^^^^^^^^^^^^^^^^^^^^^^^^^^^^^^^^^^^^
  File "D:\WORKSPACE\fit_dnu_cssv\odoo\api.py", line 471, in call_kw
    result = _call_kw_multi(method, model, args, kwargs)
             ^^^^^^^^^^^^^^^^^^^^^^^^^^^^^^^^^^^^^^^^^^^
  File "D:\WORKSPACE\fit_dnu_cssv\odoo\api.py", line 456, in _call_kw_multi
    result = method(recs, *args, **kwargs)
             ^^^^^^^^^^^^^^^^^^^^^^^^^^^^^
  File "C:\Users\DELL\AppData\Roaming\Python\Python312\site-packages\decorator.py", line 232, in fun
    return caller(func, *(extras + args), **kw)
           ^^^^^^^^^^^^^^^^^^^^^^^^^^^^^^^^^^^^
  File "D:\WORKSPACE\fit_dnu_cssv\odoo\addons\base\models\ir_module.py", line 72, in check_and_log
    return method(self, *args, **kwargs)
           ^^^^^^^^^^^^^^^^^^^^^^^^^^^^^
  File "D:\WORKSPACE\fit_dnu_cssv\odoo\addons\base\models\ir_module.py", line 470, in button_immediate_install
    return self._button_immediate_function(self.env.registry[self._name].button_install)
           ^^^^^^^^^^^^^^^^^^^^^^^^^^^^^^^^^^^^^^^^^^^^^^^^^^^^^^^^^^^^^^^^^^^^^^^^^^^^^
  File "D:\WORKSPACE\fit_dnu_cssv\odoo\addons\base\models\ir_module.py", line 587, in _button_immediate_function
    registry = modules.registry.Registry.new(self._cr.dbname, update_module=True)
               ^^^^^^^^^^^^^^^^^^^^^^^^^^^^^^^^^^^^^^^^^^^^^^^^^^^^^^^^^^^^^^^^^^
  File "D:\WORKSPACE\fit_dnu_cssv\odoo\modules\registry.py", line 87, in new
    odoo.modules.load_modules(registry, force_demo, status, update_module)
  File "D:\WORKSPACE\fit_dnu_cssv\odoo\modules\loading.py", line 474, in load_modules
    processed_modules += load_marked_modules(cr, graph,
                         ^^^^^^^^^^^^^^^^^^^^^^^^^^^^^^
  File "D:\WORKSPACE\fit_dnu_cssv\odoo\modules\loading.py", line 363, in load_marked_modules
    loaded, processed = load_module_graph(
                        ^^^^^^^^^^^^^^^^^^
  File "D:\WORKSPACE\fit_dnu_cssv\odoo\modules\loading.py", line 179, in load_module_graph
    load_openerp_module(package.name)
  File "D:\WORKSPACE\fit_dnu_cssv\odoo\modules\module.py", line 407, in load_openerp_module
    __import__('odoo.addons.' + module_name)
  File "d:\workspace\fit_dnu_cssv\addons\fit_dnu_crm\__init__.py", line 4, in <module>
    from . import models
  File "d:\workspace\fit_dnu_cssv\addons\fit_dnu_crm\models\__init__.py", line 13, in <module>
    from . import student_subject_absent_crawl
  File "d:\workspace\fit_dnu_cssv\addons\fit_dnu_crm\models\student_subject_absent_crawl.py", line 2, in <module>
    from bs4 import BeautifulSoup
Exception

The above exception was the direct cause of the following exception:

Traceback (most recent call last):
  File "D:\WORKSPACE\fit_dnu_cssv\odoo\http.py", line 658, in _handle_exception
    return super(JsonRequest, self)._handle_exception(exception)
           ^^^^^^^^^^^^^^^^^^^^^^^^^^^^^^^^^^^^^^^^^^^^^^^^^^^^^
  File "D:\WORKSPACE\fit_dnu_cssv\odoo\http.py", line 301, in _handle_exception
    raise exception.with_traceback(None) from new_cause
ModuleNotFoundError: No module named 'bs4'
2024-09-25 14:51:38,925 14428 INFO odoo odoo.modules.loading: loading 1 modules... 
2024-09-25 14:51:38,933 14428 INFO odoo odoo.modules.loading: 1 modules loaded in 0.01s, 0 queries (+0 extra) 
2024-09-25 14:51:38,942 14428 INFO odoo odoo.modules.loading: loading 7 modules... 
2024-09-25 14:51:38,947 14428 INFO odoo odoo.modules.loading: 7 modules loaded in 0.00s, 0 queries (+0 extra) 
2024-09-25 14:51:38,971 14428 INFO odoo odoo.modules.loading: Modules loaded. 
2024-09-25 14:51:38,973 14428 INFO odoo odoo.modules.registry: Registry loaded in 0.055s 
2024-09-25 14:51:38,973 14428 INFO odoo werkzeug: 127.0.0.1 - - [25/Sep/2024 14:51:38] "POST /web/dataset/call_button HTTP/1.1" 200 - 1186 0.407 4.415
2024-09-25 14:51:43,952 14428 INFO odoo odoo.addons.base.models.ir_http: Generating routing map for key None 
2024-09-25 14:51:44,055 14428 ERROR odoo odoo.addons.base.models.ir_model: Missing model board.board 
2024-09-25 14:51:44,240 14428 WARNING odoo odoo.addons.base.models.assetsbundle: Could not execute command 'sassc'This error occurred while compiling the bundle 'web.assets_common' containing:
    - /web/static/lib/bootstrap/scss/_functions.scss
    - /web/static/lib/bootstrap/scss/_mixins.scss
    - /web/static/src/legacy/scss/bs_mixins_overrides.scss
    - /web/static/src/legacy/scss/utils.scss
    - /web/static/src/legacy/scss/primary_variables.scss
    - /web_editor/static/src/scss/web_editor.variables.scss
    - /web/static/src/legacy/scss/secondary_variables.scss
    - /web_editor/static/src/scss/secondary_variables.scss
    - /web/static/lib/bootstrap/scss/_variables.scss
    - /web/static/src/legacy/scss/tempusdominus_overridden.scss
    - /web/static/lib/tempusdominus/tempusdominus.scss
    - /web/static/fonts/fonts.scss
    - /web/static/src/legacy/scss/ui.scss
    - /web/static/src/legacy/scss/ui_extra.scss
    - /web/static/src/legacy/scss/navbar.scss
    - /web/static/src/legacy/scss/mimetypes.scss
    - /web/static/src/legacy/scss/modal.scss
    - /web/static/src/legacy/scss/animation.scss
    - /web/static/src/legacy/scss/datepicker.scss
    - /web/static/src/legacy/scss/daterangepicker.scss
    - /web/static/src/legacy/scss/banner.scss
    - /web/static/src/legacy/scss/colorpicker.scss
    - /web/static/src/legacy/scss/popover.scss
    - /web/static/src/legacy/scss/translation_dialog.scss
    - /web/static/src/legacy/scss/keyboard.scss
    - /web/static/src/legacy/scss/name_and_signature.scss
    - /web/static/src/legacy/scss/web.zoomodoo.scss
    - /web/static/src/legacy/scss/color_picker.scss
    - /web/static/src/legacy/scss/fontawesome_overridden.scss
    - /web_tour/static/src/scss/tip.scss 
2024-09-25 14:51:44,400 14428 WARNING odoo odoo.addons.base.models.assetsbundle: Could not execute command 'sassc'This error occurred while compiling the bundle 'web.assets_backend' containing:
    - /web/static/lib/bootstrap/scss/_functions.scss
    - /web/static/lib/bootstrap/scss/_mixins.scss
    - /web/static/src/legacy/scss/bs_mixins_overrides.scss
    - /web/static/src/legacy/scss/utils.scss
    - /web/static/src/legacy/scss/primary_variables.scss
    - /web_editor/static/src/scss/web_editor.variables.scss
    - /web/static/src/legacy/scss/secondary_variables.scss
    - /web_editor/static/src/scss/secondary_variables.scss
    - /web/static/src/legacy/scss/bootstrap_overridden.scss
    - /web/static/src/legacy/scss/bs_mixins_overrides_backend.scss
    - /web_editor/static/src/scss/bootstrap_overridden_backend.scss
    - /web_editor/static/src/scss/bootstrap_overridden.scss
    - /web/static/lib/bootstrap/scss/_variables.scss
    - /web/static/src/legacy/scss/import_bootstrap.scss
    - /web/static/src/legacy/scss/bootstrap_review.scss
    - /web/static/src/core/utils/transitions.scss
    - /web/static/src/core/checkbox/checkbox.scss
    - /web/static/src/core/commands/command_palette.scss
    - /web/static/src/core/debug/debug_menu.scss
    - /web/static/src/core/debug/profiling/profiling_item.scss
    - /web/static/src/core/dialog/dialog.scss
    - /web/static/src/core/dropdown/dropdown.scss
    - /web/static/src/core/effects/rainbow_man.scss
    - /web/static/src/core/hotkeys/hotkey.scss
    - /web/static/src/core/notifications/notification.scss
    - /web/static/src/core/popover/popover.scss
    - /web/static/src/core/position/position.scss
    - /web/static/src/core/tooltip/tooltip.scss
    - /web/static/src/core/ui/block_ui.scss
    - /web/static/src/search/control_panel/control_panel.scss
    - /web/static/src/search/search_panel/search_panel.scss
    - /web/static/src/search/search_panel/search_view.scss
    - /web/static/src/search/search_panel/search_view_extra.scss
    - /web/static/src/views/graph/graph_view.scss
    - /web/static/src/views/pivot/pivot_view.scss
    - /web/static/src/webclient/actions/action_dialog.scss
    - /web/static/src/webclient/loading_indicator/loading_indicator.scss
    - /web/static/src/webclient/navbar/navbar.scss
    - /web/static/src/webclient/user_menu/user_menu.scss
    - /web/static/src/webclient/user_menu/user_menu_items.scss
    - /web/static/src/webclient/webclient.scss
    - /web/static/src/webclient/webclient_extra.scss
    - /web/static/src/webclient/webclient_layout.scss
    - /web/static/src/legacy/scss/domain_selector.scss
    - /web/static/src/legacy/scss/model_field_selector.scss
    - /web/static/src/legacy/scss/progress_bar.scss
    - /web/static/src/legacy/scss/dropdown.scss
    - /web/static/src/legacy/scss/tooltip.scss
    - /web/static/src/legacy/scss/switch_company_menu.scss
    - /web/static/src/legacy/scss/ace.scss
    - /web/static/src/legacy/scss/fields.scss
    - /web/static/src/legacy/scss/file_upload.scss
    - /web/static/src/legacy/scss/views.scss
    - /web/static/src/legacy/scss/form_view.scss
    - /web/static/src/legacy/scss/list_view.scss
    - /web/static/src/legacy/scss/kanban_dashboard.scss
    - /web/static/src/legacy/scss/kanban_examples_dialog.scss
    - /web/static/src/legacy/scss/kanban_column_progressbar.scss
    - /web/static/src/legacy/scss/kanban_view.scss
    - /web/static/src/legacy/scss/web_calendar.scss
    - /web/static/src/legacy/scss/data_export.scss
    - /base/static/src/scss/onboarding.scss
    - /web/static/src/legacy/scss/attachment_preview.scss
    - /web/static/src/legacy/scss/base_document_layout.scss
    - /web/static/src/legacy/scss/special_fields.scss
    - /web/static/src/legacy/scss/ribbon.scss
    - /web/static/src/legacy/scss/base_settings.scss
    - /web/static/src/legacy/scss/report_backend.scss
    - /web/static/src/legacy/scss/dropdown_extra.scss
    - /web/static/src/legacy/scss/fields_extra.scss
    - /web/static/src/legacy/scss/form_view_extra.scss
    - /web/static/src/legacy/scss/list_view_extra.scss
    - /web/static/src/legacy/scss/profiling_qweb_view.scss
    - /auth_totp/static/src/scss/res_users_view_form.scss
    - /base_import/static/src/legacy/scss/base_import.scss
    - /base_import/static/src/legacy/scss/icons.scss
    - /web_editor/static/src/scss/web_editor.common.scss
    - /web_editor/static/src/scss/web_editor.backend.scss 
2024-09-25 14:51:44,597 14428 INFO odoo werkzeug: 127.0.0.1 - - [25/Sep/2024 14:51:44] "GET /web HTTP/1.1" 200 - 167 0.128 0.517
2024-09-25 14:51:44,614 14428 INFO odoo werkzeug: 127.0.0.1 - - [25/Sep/2024 14:51:44] "GET /web/webclient/load_menus/1a92c2065a803b5fc12678299311c8d05fe1e6e39b7dd76cf7dd3bf5bf0f1669 HTTP/1.1" 200 - 1 0.001 0.003
2024-09-25 14:51:44,955 14428 INFO odoo werkzeug: 127.0.0.1 - - [25/Sep/2024 14:51:44] "POST /web/action/load HTTP/1.1" 200 - 28 0.020 0.049
2024-09-25 14:51:45,452 14428 INFO odoo werkzeug: 127.0.0.1 - - [25/Sep/2024 14:51:45] "POST /web/dataset/call_kw/ir.module.module/load_views HTTP/1.1" 200 - 58 0.046 0.141
2024-09-25 14:51:45,473 14428 INFO odoo werkzeug: 127.0.0.1 - - [25/Sep/2024 14:51:45] "[36mGET /web/image/res.company/1/favicon HTTP/1.1[0m" 304 - 11 0.006 0.194
2024-09-25 14:51:45,485 14428 INFO odoo werkzeug: 127.0.0.1 - - [25/Sep/2024 14:51:45] "[36mGET /web/image?model=res.users&field=avatar_128&id=2 HTTP/1.1[0m" 304 - 17 0.031 0.179
2024-09-25 14:51:45,560 14428 INFO odoo werkzeug: 127.0.0.1 - - [25/Sep/2024 14:51:45] "POST /web/dataset/call_kw/ir.module.module/search_panel_select_range HTTP/1.1" 200 - 45 0.023 0.017
2024-09-25 14:51:45,795 14428 INFO odoo werkzeug: 127.0.0.1 - - [25/Sep/2024 14:51:45] "POST /web/dataset/search_read HTTP/1.1" 200 - 3 0.014 0.003
2024-09-25 14:51:57,071 14428 INFO odoo odoo.addons.base.models.ir_module: ALLOW access to module.button_immediate_install on ['FIT-DNU-ACTION-MONITOR'] to user admin #2 via 127.0.0.1 
2024-09-25 14:51:57,071 14428 INFO odoo odoo.addons.base.models.ir_module: User #2 triggered module installation 
2024-09-25 14:51:57,071 14428 INFO odoo odoo.addons.base.models.ir_module: ALLOW access to module.button_install on ['FIT-DNU-ACTION-MONITOR'] to user admin #2 via 127.0.0.1 
2024-09-25 14:51:57,104 14428 WARNING odoo odoo.modules.module: Missing `license` key in manifest for 'fit_dnu_crm', defaulting to LGPL-3 
2024-09-25 14:51:57,105 14428 WARNING odoo odoo.modules.module: Missing `license` key in manifest for 'fit_dnu_action_monitor', defaulting to LGPL-3 
2024-09-25 14:51:57,154 14428 INFO odoo odoo.modules.loading: loading 1 modules... 
2024-09-25 14:51:57,154 14428 INFO odoo odoo.modules.loading: 1 modules loaded in 0.00s, 0 queries (+0 extra) 
2024-09-25 14:51:57,171 14428 INFO odoo odoo.modules.loading: updating modules list 
2024-09-25 14:51:57,188 14428 INFO odoo odoo.addons.base.models.ir_module: ALLOW access to module.update_list on [] to user __system__ #1 via 127.0.0.1 
2024-09-25 14:51:57,629 14428 WARNING odoo odoo.modules.module: Missing `license` key in manifest for 'fit_dnu_action_monitor', defaulting to LGPL-3 
2024-09-25 14:51:58,038 14428 WARNING odoo odoo.modules.module: Missing `license` key in manifest for 'fit_dnu_crm', defaulting to LGPL-3 
2024-09-25 14:51:58,334 14428 INFO odoo odoo.modules.loading: loading 7 modules... 
2024-09-25 14:51:58,334 14428 INFO odoo odoo.modules.loading: 7 modules loaded in 0.00s, 0 queries (+0 extra) 
2024-09-25 14:51:58,334 14428 WARNING odoo odoo.modules.module: Missing `license` key in manifest for 'fit_dnu_crm', defaulting to LGPL-3 
2024-09-25 14:51:58,334 14428 WARNING odoo odoo.modules.module: Missing `license` key in manifest for 'fit_dnu_action_monitor', defaulting to LGPL-3 
2024-09-25 14:51:58,334 14428 INFO odoo odoo.modules.loading: loading 10 modules... 
2024-09-25 14:51:58,334 14428 INFO odoo odoo.modules.loading: Loading module board (5/10) 
2024-09-25 14:51:58,384 14428 INFO odoo odoo.modules.registry: module board: creating or updating database tables 
2024-09-25 14:51:58,393 14428 INFO odoo odoo.modules.loading: loading board/security/ir.model.access.csv 
2024-09-25 14:51:58,402 14428 INFO odoo odoo.modules.loading: loading board/views/board_views.xml 
2024-09-25 14:51:58,433 14428 INFO odoo odoo.modules.loading: Module board: loading demo 
2024-09-25 14:51:58,449 14428 INFO odoo odoo.modules.loading: Module board loaded in 0.11s, 78 queries 
2024-09-25 14:51:58,449 14428 INFO odoo odoo.modules.loading: Loading module fit_dnu_crm (9/10) 
2024-09-25 14:51:58,471 14428 CRITICAL odoo odoo.modules.module: Couldn't load module fit_dnu_crm 
2024-09-25 14:51:58,471 14428 CRITICAL odoo odoo.modules.module: No module named 'bs4' 
2024-09-25 14:51:58,471 14428 WARNING odoo odoo.modules.loading: Transient module states were reset 
2024-09-25 14:51:58,471 14428 ERROR odoo odoo.modules.registry: Failed to load registry 
Traceback (most recent call last):
  File "D:\WORKSPACE\fit_dnu_cssv\odoo\modules\registry.py", line 87, in new
    odoo.modules.load_modules(registry, force_demo, status, update_module)
  File "D:\WORKSPACE\fit_dnu_cssv\odoo\modules\loading.py", line 474, in load_modules
    processed_modules += load_marked_modules(cr, graph,
                         ^^^^^^^^^^^^^^^^^^^^^^^^^^^^^^
  File "D:\WORKSPACE\fit_dnu_cssv\odoo\modules\loading.py", line 363, in load_marked_modules
    loaded, processed = load_module_graph(
                        ^^^^^^^^^^^^^^^^^^
  File "D:\WORKSPACE\fit_dnu_cssv\odoo\modules\loading.py", line 179, in load_module_graph
    load_openerp_module(package.name)
  File "D:\WORKSPACE\fit_dnu_cssv\odoo\modules\module.py", line 407, in load_openerp_module
    __import__('odoo.addons.' + module_name)
  File "d:\workspace\fit_dnu_cssv\addons\fit_dnu_crm\__init__.py", line 4, in <module>
    from . import models
  File "d:\workspace\fit_dnu_cssv\addons\fit_dnu_crm\models\__init__.py", line 13, in <module>
    from . import student_subject_absent_crawl
  File "d:\workspace\fit_dnu_cssv\addons\fit_dnu_crm\models\student_subject_absent_crawl.py", line 2, in <module>
    from bs4 import BeautifulSoup
ModuleNotFoundError: No module named 'bs4'
2024-09-25 14:51:58,471 14428 ERROR odoo odoo.http: Exception during JSON request handling. 
Traceback (most recent call last):
  File "D:\WORKSPACE\fit_dnu_cssv\odoo\addons\base\models\ir_http.py", line 242, in _dispatch
    result = request.dispatch()
             ^^^^^^^^^^^^^^^^^^
  File "D:\WORKSPACE\fit_dnu_cssv\odoo\http.py", line 702, in dispatch
    result = self._call_function(**self.params)
             ^^^^^^^^^^^^^^^^^^^^^^^^^^^^^^^^^^
  File "D:\WORKSPACE\fit_dnu_cssv\odoo\http.py", line 368, in _call_function
    return checked_call(self.db, *args, **kwargs)
           ^^^^^^^^^^^^^^^^^^^^^^^^^^^^^^^^^^^^^^
  File "D:\WORKSPACE\fit_dnu_cssv\odoo\service\model.py", line 94, in wrapper
    return f(dbname, *args, **kwargs)
           ^^^^^^^^^^^^^^^^^^^^^^^^^^
  File "D:\WORKSPACE\fit_dnu_cssv\odoo\http.py", line 357, in checked_call
    result = self.endpoint(*a, **kw)
             ^^^^^^^^^^^^^^^^^^^^^^^
  File "D:\WORKSPACE\fit_dnu_cssv\odoo\http.py", line 925, in __call__
    return self.method(*args, **kw)
           ^^^^^^^^^^^^^^^^^^^^^^^^
  File "D:\WORKSPACE\fit_dnu_cssv\odoo\http.py", line 546, in response_wrap
    response = f(*args, **kw)
               ^^^^^^^^^^^^^^
  File "d:\workspace\fit_dnu_cssv\addons\web\controllers\main.py", line 1328, in call_button
    action = self._call_kw(model, method, args, kwargs)
             ^^^^^^^^^^^^^^^^^^^^^^^^^^^^^^^^^^^^^^^^^^
  File "d:\workspace\fit_dnu_cssv\addons\web\controllers\main.py", line 1316, in _call_kw
    return call_kw(request.env[model], method, args, kwargs)
           ^^^^^^^^^^^^^^^^^^^^^^^^^^^^^^^^^^^^^^^^^^^^^^^^^
  File "D:\WORKSPACE\fit_dnu_cssv\odoo\api.py", line 471, in call_kw
    result = _call_kw_multi(method, model, args, kwargs)
             ^^^^^^^^^^^^^^^^^^^^^^^^^^^^^^^^^^^^^^^^^^^
  File "D:\WORKSPACE\fit_dnu_cssv\odoo\api.py", line 456, in _call_kw_multi
    result = method(recs, *args, **kwargs)
             ^^^^^^^^^^^^^^^^^^^^^^^^^^^^^
  File "C:\Users\DELL\AppData\Roaming\Python\Python312\site-packages\decorator.py", line 232, in fun
    return caller(func, *(extras + args), **kw)
           ^^^^^^^^^^^^^^^^^^^^^^^^^^^^^^^^^^^^
  File "D:\WORKSPACE\fit_dnu_cssv\odoo\addons\base\models\ir_module.py", line 72, in check_and_log
    return method(self, *args, **kwargs)
           ^^^^^^^^^^^^^^^^^^^^^^^^^^^^^
  File "D:\WORKSPACE\fit_dnu_cssv\odoo\addons\base\models\ir_module.py", line 470, in button_immediate_install
    return self._button_immediate_function(self.env.registry[self._name].button_install)
           ^^^^^^^^^^^^^^^^^^^^^^^^^^^^^^^^^^^^^^^^^^^^^^^^^^^^^^^^^^^^^^^^^^^^^^^^^^^^^
  File "D:\WORKSPACE\fit_dnu_cssv\odoo\addons\base\models\ir_module.py", line 587, in _button_immediate_function
    registry = modules.registry.Registry.new(self._cr.dbname, update_module=True)
               ^^^^^^^^^^^^^^^^^^^^^^^^^^^^^^^^^^^^^^^^^^^^^^^^^^^^^^^^^^^^^^^^^^
  File "D:\WORKSPACE\fit_dnu_cssv\odoo\modules\registry.py", line 87, in new
    odoo.modules.load_modules(registry, force_demo, status, update_module)
  File "D:\WORKSPACE\fit_dnu_cssv\odoo\modules\loading.py", line 474, in load_modules
    processed_modules += load_marked_modules(cr, graph,
                         ^^^^^^^^^^^^^^^^^^^^^^^^^^^^^^
  File "D:\WORKSPACE\fit_dnu_cssv\odoo\modules\loading.py", line 363, in load_marked_modules
    loaded, processed = load_module_graph(
                        ^^^^^^^^^^^^^^^^^^
  File "D:\WORKSPACE\fit_dnu_cssv\odoo\modules\loading.py", line 179, in load_module_graph
    load_openerp_module(package.name)
  File "D:\WORKSPACE\fit_dnu_cssv\odoo\modules\module.py", line 407, in load_openerp_module
    __import__('odoo.addons.' + module_name)
  File "d:\workspace\fit_dnu_cssv\addons\fit_dnu_crm\__init__.py", line 4, in <module>
    from . import models
  File "d:\workspace\fit_dnu_cssv\addons\fit_dnu_crm\models\__init__.py", line 13, in <module>
    from . import student_subject_absent_crawl
  File "d:\workspace\fit_dnu_cssv\addons\fit_dnu_crm\models\student_subject_absent_crawl.py", line 2, in <module>
    from bs4 import BeautifulSoup
Exception

The above exception was the direct cause of the following exception:

Traceback (most recent call last):
  File "D:\WORKSPACE\fit_dnu_cssv\odoo\http.py", line 658, in _handle_exception
    return super(JsonRequest, self)._handle_exception(exception)
           ^^^^^^^^^^^^^^^^^^^^^^^^^^^^^^^^^^^^^^^^^^^^^^^^^^^^^
  File "D:\WORKSPACE\fit_dnu_cssv\odoo\http.py", line 301, in _handle_exception
    raise exception.with_traceback(None) from new_cause
ModuleNotFoundError: No module named 'bs4'
2024-09-25 14:51:58,488 14428 INFO odoo odoo.modules.loading: loading 1 modules... 
2024-09-25 14:51:58,488 14428 INFO odoo odoo.modules.loading: 1 modules loaded in 0.00s, 0 queries (+0 extra) 
2024-09-25 14:51:58,505 14428 INFO odoo odoo.modules.loading: loading 7 modules... 
2024-09-25 14:51:58,505 14428 INFO odoo odoo.modules.loading: 7 modules loaded in 0.00s, 0 queries (+0 extra) 
2024-09-25 14:51:58,521 14428 INFO odoo odoo.modules.loading: Modules loaded. 
2024-09-25 14:51:58,535 14428 INFO odoo odoo.modules.registry: Registry loaded in 0.064s 
2024-09-25 14:51:58,536 14428 INFO odoo werkzeug: 127.0.0.1 - - [25/Sep/2024 14:51:58] "POST /web/dataset/call_button HTTP/1.1" 200 - 1197 0.435 1.046
2024-09-25 14:52:02,138 14428 INFO odoo odoo.addons.base.models.ir_http: Generating routing map for key None 
2024-09-25 14:52:02,224 14428 INFO odoo odoo.addons.base.models.ir_module: ALLOW access to module.button_immediate_install on ['FIT-DNU-CSSV'] to user admin #2 via 127.0.0.1 
2024-09-25 14:52:02,224 14428 INFO odoo odoo.addons.base.models.ir_module: User #2 triggered module installation 
2024-09-25 14:52:02,229 14428 INFO odoo odoo.addons.base.models.ir_module: ALLOW access to module.button_install on ['FIT-DNU-CSSV'] to user admin #2 via 127.0.0.1 
2024-09-25 14:52:02,252 14428 WARNING odoo odoo.modules.module: Missing `license` key in manifest for 'fit_dnu_crm', defaulting to LGPL-3 
2024-09-25 14:52:02,283 14428 INFO odoo odoo.modules.loading: loading 1 modules... 
2024-09-25 14:52:02,299 14428 INFO odoo odoo.modules.loading: 1 modules loaded in 0.02s, 0 queries (+0 extra) 
2024-09-25 14:52:02,315 14428 INFO odoo odoo.modules.loading: updating modules list 
2024-09-25 14:52:02,315 14428 INFO odoo odoo.addons.base.models.ir_module: ALLOW access to module.update_list on [] to user __system__ #1 via 127.0.0.1 
2024-09-25 14:52:02,585 14428 WARNING odoo odoo.modules.module: Missing `license` key in manifest for 'fit_dnu_action_monitor', defaulting to LGPL-3 
2024-09-25 14:52:02,932 14428 WARNING odoo odoo.modules.module: Missing `license` key in manifest for 'fit_dnu_crm', defaulting to LGPL-3 
2024-09-25 14:52:03,286 14428 INFO odoo odoo.modules.loading: loading 7 modules... 
2024-09-25 14:52:03,286 14428 INFO odoo odoo.modules.loading: 7 modules loaded in 0.00s, 0 queries (+0 extra) 
2024-09-25 14:52:03,286 14428 WARNING odoo odoo.modules.module: Missing `license` key in manifest for 'fit_dnu_crm', defaulting to LGPL-3 
2024-09-25 14:52:03,286 14428 INFO odoo odoo.modules.loading: loading 9 modules... 
2024-09-25 14:52:03,286 14428 INFO odoo odoo.modules.loading: Loading module board (5/9) 
2024-09-25 14:52:03,333 14428 INFO odoo odoo.modules.registry: module board: creating or updating database tables 
2024-09-25 14:52:03,333 14428 INFO odoo odoo.modules.loading: loading board/security/ir.model.access.csv 
2024-09-25 14:52:03,348 14428 INFO odoo odoo.modules.loading: loading board/views/board_views.xml 
2024-09-25 14:52:03,364 14428 INFO odoo odoo.modules.loading: Module board: loading demo 
2024-09-25 14:52:03,379 14428 INFO odoo odoo.modules.loading: Module board loaded in 0.09s, 78 queries 
2024-09-25 14:52:03,379 14428 INFO odoo odoo.modules.loading: Loading module fit_dnu_crm (9/9) 
2024-09-25 14:52:03,395 14428 CRITICAL odoo odoo.modules.module: Couldn't load module fit_dnu_crm 
2024-09-25 14:52:03,395 14428 CRITICAL odoo odoo.modules.module: No module named 'bs4' 
2024-09-25 14:52:03,411 14428 WARNING odoo odoo.modules.loading: Transient module states were reset 
2024-09-25 14:52:03,411 14428 ERROR odoo odoo.modules.registry: Failed to load registry 
Traceback (most recent call last):
  File "D:\WORKSPACE\fit_dnu_cssv\odoo\modules\registry.py", line 87, in new
    odoo.modules.load_modules(registry, force_demo, status, update_module)
  File "D:\WORKSPACE\fit_dnu_cssv\odoo\modules\loading.py", line 474, in load_modules
    processed_modules += load_marked_modules(cr, graph,
                         ^^^^^^^^^^^^^^^^^^^^^^^^^^^^^^
  File "D:\WORKSPACE\fit_dnu_cssv\odoo\modules\loading.py", line 363, in load_marked_modules
    loaded, processed = load_module_graph(
                        ^^^^^^^^^^^^^^^^^^
  File "D:\WORKSPACE\fit_dnu_cssv\odoo\modules\loading.py", line 179, in load_module_graph
    load_openerp_module(package.name)
  File "D:\WORKSPACE\fit_dnu_cssv\odoo\modules\module.py", line 407, in load_openerp_module
    __import__('odoo.addons.' + module_name)
  File "d:\workspace\fit_dnu_cssv\addons\fit_dnu_crm\__init__.py", line 4, in <module>
    from . import models
  File "d:\workspace\fit_dnu_cssv\addons\fit_dnu_crm\models\__init__.py", line 13, in <module>
    from . import student_subject_absent_crawl
  File "d:\workspace\fit_dnu_cssv\addons\fit_dnu_crm\models\student_subject_absent_crawl.py", line 2, in <module>
    from bs4 import BeautifulSoup
ModuleNotFoundError: No module named 'bs4'
2024-09-25 14:52:03,411 14428 ERROR odoo odoo.http: Exception during JSON request handling. 
Traceback (most recent call last):
  File "D:\WORKSPACE\fit_dnu_cssv\odoo\addons\base\models\ir_http.py", line 242, in _dispatch
    result = request.dispatch()
             ^^^^^^^^^^^^^^^^^^
  File "D:\WORKSPACE\fit_dnu_cssv\odoo\http.py", line 702, in dispatch
    result = self._call_function(**self.params)
             ^^^^^^^^^^^^^^^^^^^^^^^^^^^^^^^^^^
  File "D:\WORKSPACE\fit_dnu_cssv\odoo\http.py", line 368, in _call_function
    return checked_call(self.db, *args, **kwargs)
           ^^^^^^^^^^^^^^^^^^^^^^^^^^^^^^^^^^^^^^
  File "D:\WORKSPACE\fit_dnu_cssv\odoo\service\model.py", line 94, in wrapper
    return f(dbname, *args, **kwargs)
           ^^^^^^^^^^^^^^^^^^^^^^^^^^
  File "D:\WORKSPACE\fit_dnu_cssv\odoo\http.py", line 357, in checked_call
    result = self.endpoint(*a, **kw)
             ^^^^^^^^^^^^^^^^^^^^^^^
  File "D:\WORKSPACE\fit_dnu_cssv\odoo\http.py", line 925, in __call__
    return self.method(*args, **kw)
           ^^^^^^^^^^^^^^^^^^^^^^^^
  File "D:\WORKSPACE\fit_dnu_cssv\odoo\http.py", line 546, in response_wrap
    response = f(*args, **kw)
               ^^^^^^^^^^^^^^
  File "d:\workspace\fit_dnu_cssv\addons\web\controllers\main.py", line 1328, in call_button
    action = self._call_kw(model, method, args, kwargs)
             ^^^^^^^^^^^^^^^^^^^^^^^^^^^^^^^^^^^^^^^^^^
  File "d:\workspace\fit_dnu_cssv\addons\web\controllers\main.py", line 1316, in _call_kw
    return call_kw(request.env[model], method, args, kwargs)
           ^^^^^^^^^^^^^^^^^^^^^^^^^^^^^^^^^^^^^^^^^^^^^^^^^
  File "D:\WORKSPACE\fit_dnu_cssv\odoo\api.py", line 471, in call_kw
    result = _call_kw_multi(method, model, args, kwargs)
             ^^^^^^^^^^^^^^^^^^^^^^^^^^^^^^^^^^^^^^^^^^^
  File "D:\WORKSPACE\fit_dnu_cssv\odoo\api.py", line 456, in _call_kw_multi
    result = method(recs, *args, **kwargs)
             ^^^^^^^^^^^^^^^^^^^^^^^^^^^^^
  File "C:\Users\DELL\AppData\Roaming\Python\Python312\site-packages\decorator.py", line 232, in fun
    return caller(func, *(extras + args), **kw)
           ^^^^^^^^^^^^^^^^^^^^^^^^^^^^^^^^^^^^
  File "D:\WORKSPACE\fit_dnu_cssv\odoo\addons\base\models\ir_module.py", line 72, in check_and_log
    return method(self, *args, **kwargs)
           ^^^^^^^^^^^^^^^^^^^^^^^^^^^^^
  File "D:\WORKSPACE\fit_dnu_cssv\odoo\addons\base\models\ir_module.py", line 470, in button_immediate_install
    return self._button_immediate_function(self.env.registry[self._name].button_install)
           ^^^^^^^^^^^^^^^^^^^^^^^^^^^^^^^^^^^^^^^^^^^^^^^^^^^^^^^^^^^^^^^^^^^^^^^^^^^^^
  File "D:\WORKSPACE\fit_dnu_cssv\odoo\addons\base\models\ir_module.py", line 587, in _button_immediate_function
    registry = modules.registry.Registry.new(self._cr.dbname, update_module=True)
               ^^^^^^^^^^^^^^^^^^^^^^^^^^^^^^^^^^^^^^^^^^^^^^^^^^^^^^^^^^^^^^^^^^
  File "D:\WORKSPACE\fit_dnu_cssv\odoo\modules\registry.py", line 87, in new
    odoo.modules.load_modules(registry, force_demo, status, update_module)
  File "D:\WORKSPACE\fit_dnu_cssv\odoo\modules\loading.py", line 474, in load_modules
    processed_modules += load_marked_modules(cr, graph,
                         ^^^^^^^^^^^^^^^^^^^^^^^^^^^^^^
  File "D:\WORKSPACE\fit_dnu_cssv\odoo\modules\loading.py", line 363, in load_marked_modules
    loaded, processed = load_module_graph(
                        ^^^^^^^^^^^^^^^^^^
  File "D:\WORKSPACE\fit_dnu_cssv\odoo\modules\loading.py", line 179, in load_module_graph
    load_openerp_module(package.name)
  File "D:\WORKSPACE\fit_dnu_cssv\odoo\modules\module.py", line 407, in load_openerp_module
    __import__('odoo.addons.' + module_name)
  File "d:\workspace\fit_dnu_cssv\addons\fit_dnu_crm\__init__.py", line 4, in <module>
    from . import models
  File "d:\workspace\fit_dnu_cssv\addons\fit_dnu_crm\models\__init__.py", line 13, in <module>
    from . import student_subject_absent_crawl
  File "d:\workspace\fit_dnu_cssv\addons\fit_dnu_crm\models\student_subject_absent_crawl.py", line 2, in <module>
    from bs4 import BeautifulSoup
Exception

The above exception was the direct cause of the following exception:

Traceback (most recent call last):
  File "D:\WORKSPACE\fit_dnu_cssv\odoo\http.py", line 658, in _handle_exception
    return super(JsonRequest, self)._handle_exception(exception)
           ^^^^^^^^^^^^^^^^^^^^^^^^^^^^^^^^^^^^^^^^^^^^^^^^^^^^^
  File "D:\WORKSPACE\fit_dnu_cssv\odoo\http.py", line 301, in _handle_exception
    raise exception.with_traceback(None) from new_cause
ModuleNotFoundError: No module named 'bs4'
2024-09-25 14:52:03,411 14428 INFO odoo odoo.modules.loading: loading 1 modules... 
2024-09-25 14:52:03,426 14428 INFO odoo odoo.modules.loading: 1 modules loaded in 0.02s, 0 queries (+0 extra) 
2024-09-25 14:52:03,426 14428 INFO odoo odoo.modules.loading: loading 7 modules... 
2024-09-25 14:52:03,426 14428 INFO odoo odoo.modules.loading: 7 modules loaded in 0.00s, 0 queries (+0 extra) 
2024-09-25 14:52:03,458 14428 INFO odoo odoo.modules.loading: Modules loaded. 
2024-09-25 14:52:03,458 14428 INFO odoo odoo.modules.registry: Registry loaded in 0.047s 
2024-09-25 14:52:03,458 14428 INFO odoo werkzeug: 127.0.0.1 - - [25/Sep/2024 14:52:03] "POST /web/dataset/call_button HTTP/1.1" 200 - 1195 0.434 0.888
2024-09-25 14:52:04,938 14428 INFO odoo odoo.addons.base.models.ir_http: Generating routing map for key None 
2024-09-25 14:52:05,054 14428 ERROR odoo odoo.addons.base.models.ir_model: Missing model board.board 
2024-09-25 14:52:05,324 14428 WARNING odoo odoo.addons.base.models.assetsbundle: Could not execute command 'sassc'This error occurred while compiling the bundle 'web.assets_common' containing:
    - /web/static/lib/bootstrap/scss/_functions.scss
    - /web/static/lib/bootstrap/scss/_mixins.scss
    - /web/static/src/legacy/scss/bs_mixins_overrides.scss
    - /web/static/src/legacy/scss/utils.scss
    - /web/static/src/legacy/scss/primary_variables.scss
    - /web_editor/static/src/scss/web_editor.variables.scss
    - /web/static/src/legacy/scss/secondary_variables.scss
    - /web_editor/static/src/scss/secondary_variables.scss
    - /web/static/lib/bootstrap/scss/_variables.scss
    - /web/static/src/legacy/scss/tempusdominus_overridden.scss
    - /web/static/lib/tempusdominus/tempusdominus.scss
    - /web/static/fonts/fonts.scss
    - /web/static/src/legacy/scss/ui.scss
    - /web/static/src/legacy/scss/ui_extra.scss
    - /web/static/src/legacy/scss/navbar.scss
    - /web/static/src/legacy/scss/mimetypes.scss
    - /web/static/src/legacy/scss/modal.scss
    - /web/static/src/legacy/scss/animation.scss
    - /web/static/src/legacy/scss/datepicker.scss
    - /web/static/src/legacy/scss/daterangepicker.scss
    - /web/static/src/legacy/scss/banner.scss
    - /web/static/src/legacy/scss/colorpicker.scss
    - /web/static/src/legacy/scss/popover.scss
    - /web/static/src/legacy/scss/translation_dialog.scss
    - /web/static/src/legacy/scss/keyboard.scss
    - /web/static/src/legacy/scss/name_and_signature.scss
    - /web/static/src/legacy/scss/web.zoomodoo.scss
    - /web/static/src/legacy/scss/color_picker.scss
    - /web/static/src/legacy/scss/fontawesome_overridden.scss
    - /web_tour/static/src/scss/tip.scss 
2024-09-25 14:52:05,580 14428 WARNING odoo odoo.addons.base.models.assetsbundle: Could not execute command 'sassc'This error occurred while compiling the bundle 'web.assets_backend' containing:
    - /web/static/lib/bootstrap/scss/_functions.scss
    - /web/static/lib/bootstrap/scss/_mixins.scss
    - /web/static/src/legacy/scss/bs_mixins_overrides.scss
    - /web/static/src/legacy/scss/utils.scss
    - /web/static/src/legacy/scss/primary_variables.scss
    - /web_editor/static/src/scss/web_editor.variables.scss
    - /web/static/src/legacy/scss/secondary_variables.scss
    - /web_editor/static/src/scss/secondary_variables.scss
    - /web/static/src/legacy/scss/bootstrap_overridden.scss
    - /web/static/src/legacy/scss/bs_mixins_overrides_backend.scss
    - /web_editor/static/src/scss/bootstrap_overridden_backend.scss
    - /web_editor/static/src/scss/bootstrap_overridden.scss
    - /web/static/lib/bootstrap/scss/_variables.scss
    - /web/static/src/legacy/scss/import_bootstrap.scss
    - /web/static/src/legacy/scss/bootstrap_review.scss
    - /web/static/src/core/utils/transitions.scss
    - /web/static/src/core/checkbox/checkbox.scss
    - /web/static/src/core/commands/command_palette.scss
    - /web/static/src/core/debug/debug_menu.scss
    - /web/static/src/core/debug/profiling/profiling_item.scss
    - /web/static/src/core/dialog/dialog.scss
    - /web/static/src/core/dropdown/dropdown.scss
    - /web/static/src/core/effects/rainbow_man.scss
    - /web/static/src/core/hotkeys/hotkey.scss
    - /web/static/src/core/notifications/notification.scss
    - /web/static/src/core/popover/popover.scss
    - /web/static/src/core/position/position.scss
    - /web/static/src/core/tooltip/tooltip.scss
    - /web/static/src/core/ui/block_ui.scss
    - /web/static/src/search/control_panel/control_panel.scss
    - /web/static/src/search/search_panel/search_panel.scss
    - /web/static/src/search/search_panel/search_view.scss
    - /web/static/src/search/search_panel/search_view_extra.scss
    - /web/static/src/views/graph/graph_view.scss
    - /web/static/src/views/pivot/pivot_view.scss
    - /web/static/src/webclient/actions/action_dialog.scss
    - /web/static/src/webclient/loading_indicator/loading_indicator.scss
    - /web/static/src/webclient/navbar/navbar.scss
    - /web/static/src/webclient/user_menu/user_menu.scss
    - /web/static/src/webclient/user_menu/user_menu_items.scss
    - /web/static/src/webclient/webclient.scss
    - /web/static/src/webclient/webclient_extra.scss
    - /web/static/src/webclient/webclient_layout.scss
    - /web/static/src/legacy/scss/domain_selector.scss
    - /web/static/src/legacy/scss/model_field_selector.scss
    - /web/static/src/legacy/scss/progress_bar.scss
    - /web/static/src/legacy/scss/dropdown.scss
    - /web/static/src/legacy/scss/tooltip.scss
    - /web/static/src/legacy/scss/switch_company_menu.scss
    - /web/static/src/legacy/scss/ace.scss
    - /web/static/src/legacy/scss/fields.scss
    - /web/static/src/legacy/scss/file_upload.scss
    - /web/static/src/legacy/scss/views.scss
    - /web/static/src/legacy/scss/form_view.scss
    - /web/static/src/legacy/scss/list_view.scss
    - /web/static/src/legacy/scss/kanban_dashboard.scss
    - /web/static/src/legacy/scss/kanban_examples_dialog.scss
    - /web/static/src/legacy/scss/kanban_column_progressbar.scss
    - /web/static/src/legacy/scss/kanban_view.scss
    - /web/static/src/legacy/scss/web_calendar.scss
    - /web/static/src/legacy/scss/data_export.scss
    - /base/static/src/scss/onboarding.scss
    - /web/static/src/legacy/scss/attachment_preview.scss
    - /web/static/src/legacy/scss/base_document_layout.scss
    - /web/static/src/legacy/scss/special_fields.scss
    - /web/static/src/legacy/scss/ribbon.scss
    - /web/static/src/legacy/scss/base_settings.scss
    - /web/static/src/legacy/scss/report_backend.scss
    - /web/static/src/legacy/scss/dropdown_extra.scss
    - /web/static/src/legacy/scss/fields_extra.scss
    - /web/static/src/legacy/scss/form_view_extra.scss
    - /web/static/src/legacy/scss/list_view_extra.scss
    - /web/static/src/legacy/scss/profiling_qweb_view.scss
    - /auth_totp/static/src/scss/res_users_view_form.scss
    - /base_import/static/src/legacy/scss/base_import.scss
    - /base_import/static/src/legacy/scss/icons.scss
    - /web_editor/static/src/scss/web_editor.common.scss
    - /web_editor/static/src/scss/web_editor.backend.scss 
2024-09-25 14:52:05,768 14428 INFO odoo werkzeug: 127.0.0.1 - - [25/Sep/2024 14:52:05] "GET /web HTTP/1.1" 200 - 167 0.102 0.728
2024-09-25 14:52:06,034 14428 INFO odoo werkzeug: 127.0.0.1 - - [25/Sep/2024 14:52:06] "POST /web/action/load HTTP/1.1" 200 - 28 0.025 0.058
2024-09-25 14:52:06,336 14428 INFO odoo werkzeug: 127.0.0.1 - - [25/Sep/2024 14:52:06] "[36mGET /web/image/res.company/1/favicon HTTP/1.1[0m" 304 - 11 0.016 0.001
2024-09-25 14:52:06,370 14428 INFO odoo werkzeug: 127.0.0.1 - - [25/Sep/2024 14:52:06] "[36mGET /web/image?model=res.users&field=avatar_128&id=2 HTTP/1.1[0m" 304 - 17 0.017 0.017
2024-09-25 14:52:06,403 14428 INFO odoo werkzeug: 127.0.0.1 - - [25/Sep/2024 14:52:06] "POST /web/dataset/call_kw/ir.module.module/load_views HTTP/1.1" 200 - 58 0.049 0.034
2024-09-25 14:52:06,757 14428 INFO odoo werkzeug: 127.0.0.1 - - [25/Sep/2024 14:52:06] "POST /web/dataset/call_kw/ir.module.module/search_panel_select_range HTTP/1.1" 200 - 45 0.015 0.021
2024-09-25 14:52:06,984 14428 INFO odoo werkzeug: 127.0.0.1 - - [25/Sep/2024 14:52:06] "POST /web/dataset/search_read HTTP/1.1" 200 - 3 0.000 0.000
2024-09-25 14:54:50,521 14428 INFO odoo odoo.service.server: Initiating shutdown 
2024-09-25 14:54:50,521 14428 INFO odoo odoo.service.server: Hit CTRL-C again or send a second signal to force the shutdown. 
2024-09-25 14:54:50,731 14428 INFO odoo odoo.sql_db: ConnectionPool(used=0/count=0/max=64): Closed 5 connections  
